#-----------------------------------------------------------
# Vivado v2023.1 (64-bit)
# SW Build 3865809 on Sun May  7 15:05:29 MDT 2023
# IP Build 3864474 on Sun May  7 20:36:21 MDT 2023
# SharedData Build 3865790 on Sun May 07 13:33:03 MDT 2023
# Start of session at: Wed Mar  6 15:27:43 2024
# Process ID: 21472
# Current directory: C:/repo/my-vhdl-code/sistema_combinacional
# Command line: vivado.exe -gui_launcher_event rodinguilauncherevent28660 C:\repo\my-vhdl-code\sistema_combinacional\sistema_combinacional.xpr
# Log file: C:/repo/my-vhdl-code/sistema_combinacional/vivado.log
# Journal file: C:/repo/my-vhdl-code/sistema_combinacional\vivado.jou
# Running On: jlbpacheco, OS: Windows, CPU Frequency: 3194 MHz, CPU Physical cores: 16, Host memory: 42311 MB
#-----------------------------------------------------------
start_gui
open_project C:/repo/my-vhdl-code/sistema_combinacional/sistema_combinacional.xpr
update_compile_order -fileset sources_1
export_ip_user_files -of_objects  [get_files {{C:/Dropbox/Fuera del aula/academia/teoría/diseño de sistemas digitales/material de apoyo/tarjetas fpga/digilent/BASYS 3/Basys-3-Master.xdc}}] -no_script -reset -force -quiet
remove_files  -fileset constrs_1 {{C:/Dropbox/Fuera del aula/academia/teoría/diseño de sistemas digitales/material de apoyo/tarjetas fpga/digilent/BASYS 3/Basys-3-Master.xdc}}
